#-----------------------------------------------------------
# Vivado v2022.2 (64-bit)
# SW Build 3671981 on Fri Oct 14 05:00:03 MDT 2022
# IP Build 3669848 on Fri Oct 14 08:30:02 MDT 2022
# Start of session at: Mon Jan 29 22:53:48 2024
# Process ID: 14264
# Current directory: C:/Users/tekpun/Desktop/Microblazedigitalstopwatch/microblazedigital
# Command line: vivado.exe -gui_launcher_event rodinguilauncherevent13440 C:\Users\tekpun\Desktop\Microblazedigitalstopwatch\microblazedigital\microblazedigital.xpr
# Log file: C:/Users/tekpun/Desktop/Microblazedigitalstopwatch/microblazedigital/vivado.log
# Journal file: C:/Users/tekpun/Desktop/Microblazedigitalstopwatch/microblazedigital\vivado.jou
# Running On: DESKTOP-LG2R7V4, OS: Windows, CPU Frequency: 2592 MHz, CPU Physical cores: 6, Host memory: 17073 MB
#-----------------------------------------------------------
start_gui
open_project C:/Users/tekpun/Desktop/Microblazedigitalstopwatch/microblazedigital/microblazedigital.xpr
open_hw_manager
connect_hw_server -allow_non_jtag
open_hw_target
set_property PROGRAM.FILE {C:/Users/tekpun/Desktop/Microblazedigitalstopwatch/microblazedigital/microblazedigital.runs/impl_1/mbdesign_wrapper.bit} [get_hw_devices xc7a100t_0]
current_hw_device [get_hw_devices xc7a100t_0]
refresh_hw_device -update_hw_probes false [lindex [get_hw_devices xc7a100t_0] 0]
update_compile_order -fileset sources_1
set_property PROBES.FILE {} [get_hw_devices xc7a100t_0]
set_property FULL_PROBES.FILE {} [get_hw_devices xc7a100t_0]
set_property PROGRAM.FILE {C:/Users/tekpun/Desktop/Microblazedigitalstopwatch/microblazedigital/microblazedigital.runs/impl_1/mbdesign_wrapper.bit} [get_hw_devices xc7a100t_0]
program_hw_devices [get_hw_devices xc7a100t_0]
refresh_hw_device [lindex [get_hw_devices xc7a100t_0] 0]
